
> uav-usv-platform-frontend@0.1.0 build
> vue-tsc -b && vite build

vite v7.3.5 building client environment for production...
transforming...
../../p0-browser-31a1e2b/frontend/node_modules/@vueuse/core/dist/index.js (3362:0): A comment

"/* #__PURE__ */"

in "../../p0-browser-31a1e2b/frontend/node_modules/@vueuse/core/dist/index.js" contains an annotation that Rollup cannot interpret due to the position of the comment. The comment will be removed to avoid issues.
../../p0-browser-31a1e2b/frontend/node_modules/@vueuse/core/dist/index.js (5780:22): A comment

"/* #__PURE__ */"

in "../../p0-browser-31a1e2b/frontend/node_modules/@vueuse/core/dist/index.js" contains an annotation that Rollup cannot interpret due to the position of the comment. The comment will be removed to avoid issues.
✓ 3547 modules transformed.
rendering chunks...
computing gzip size...
dist/index.html                             0.48 kB │ gzip:   0.33 kB
dist/assets/mission-ocean-CQ_aYbGa.png  1,931.94 kB
dist/assets/index-DXxFaenw.css            283.14 kB │ gzip:  45.81 kB
dist/assets/index-BlJmUK2k.js             760.79 kB │ gzip: 260.63 kB

(!) Some chunks are larger than 500 kB after minification. Consider:
- Using dynamic import() to code-split the application
- Use build.rollupOptions.output.manualChunks to improve chunking: https://rollupjs.org/configuration-options/#output-manualchunks
- Adjust chunk size limit for this warning via build.chunkSizeWarningLimit.
✓ built in 9.61s
