2026-09-22T19:11:00.833+08:00  INFO 26568 --- [uav-usv-p0-integration] [.1-18081-exec-7] c.u.p.m.m.s.AlgorithmRuntimeManager      : Algorithm prepare entered: runId=1790075460800 algorithmCode=ESCORT_GUARD runnerPath=C:\Users\hp-pc\Desktop\Project4\p0-acceptance-3e37759\algorithm-service\runner.py pythonCommand=D:/soteware/anaconda/python.exe
2026-09-22T19:11:00.981+08:00  INFO 26568 --- [uav-usv-p0-integration] [.1-18081-exec-7] c.u.p.m.m.s.AlgorithmRuntimeManager      : Algorithm Python executable: runId=1790075460800 executable=D:\soteware\anaconda\python.exe
2026-09-22T19:11:00.982+08:00  INFO 26568 --- [uav-usv-p0-integration] [.1-18081-exec-7] c.u.p.m.m.s.AlgorithmRuntimeManager      : Algorithm process started: runId=1790075460800 algorithmCode=ESCORT_GUARD pid=8948
2026-09-22T19:11:00.983+08:00  INFO 26568 --- [uav-usv-p0-integration] [.1-18081-exec-7] c.u.p.m.m.s.AlgorithmRuntimeManager      : Algorithm handle stored: runId=1790075460800 pid=8948 handlesSize=1
2026-09-22T19:11:01.052+08:00  INFO 26568 --- [uav-usv-p0-integration] [n-1790075460800] c.u.p.m.m.s.AlgorithmRuntimeManager      : Algorithm Python version: runId=1790075460800 executable=D:\soteware\anaconda\python.exe version=Python 3.9.13
2026-09-22T19:11:01.982+08:00  INFO 26568 --- [uav-usv-p0-integration] [t-1790075460800] c.u.p.m.m.s.AlgorithmRuntimeManager      : Algorithm first frame received: runId=1790075460800 pid=8948 sequence=1
2026-09-22T19:13:29.818+08:00  INFO 26568 --- [uav-usv-p0-integration] [onPool-worker-2] c.u.p.m.m.s.AlgorithmRuntimeManager      : Algorithm process exited: runId=1790075460800 pid=8948 exitCode=0
2026-09-22T19:14:11.437+08:00  WARN 26568 --- [uav-usv-p0-integration] [.1-18081-exec-2] c.u.p.m.m.s.AlgorithmRuntimeManager      : Algorithm handle removed: runId=1790075460800 pid=8948 reason=replaced by standalone simulation 1790075649788 state=PREPARED error=null stderrTail=
2026-09-22T19:18:24.934+08:00  INFO 26568 --- [uav-usv-p0-integration] [.1-18081-exec-8] c.u.p.m.m.s.AlgorithmRuntimeManager      : Algorithm prepare entered: runId=1790075904910 algorithmCode=ESCORT_GUARD runnerPath=C:\Users\hp-pc\Desktop\Project4\p0-acceptance-3e37759\algorithm-service\runner.py pythonCommand=D:/soteware/anaconda/python.exe
2026-09-22T19:18:25.020+08:00  INFO 26568 --- [uav-usv-p0-integration] [.1-18081-exec-8] c.u.p.m.m.s.AlgorithmRuntimeManager      : Algorithm Python executable: runId=1790075904910 executable=D:\soteware\anaconda\python.exe
2026-09-22T19:18:25.022+08:00  INFO 26568 --- [uav-usv-p0-integration] [.1-18081-exec-8] c.u.p.m.m.s.AlgorithmRuntimeManager      : Algorithm process started: runId=1790075904910 algorithmCode=ESCORT_GUARD pid=30916
2026-09-22T19:18:25.023+08:00  INFO 26568 --- [uav-usv-p0-integration] [.1-18081-exec-8] c.u.p.m.m.s.AlgorithmRuntimeManager      : Algorithm handle stored: runId=1790075904910 pid=30916 handlesSize=1
2026-09-22T19:18:25.079+08:00  INFO 26568 --- [uav-usv-p0-integration] [n-1790075904910] c.u.p.m.m.s.AlgorithmRuntimeManager      : Algorithm Python version: runId=1790075904910 executable=D:\soteware\anaconda\python.exe version=Python 3.9.13
2026-09-22T19:18:25.924+08:00  INFO 26568 --- [uav-usv-p0-integration] [t-1790075904910] c.u.p.m.m.s.AlgorithmRuntimeManager      : Algorithm first frame received: runId=1790075904910 pid=30916 sequence=1
2026-09-22T19:18:35.277+08:00  INFO 26568 --- [uav-usv-p0-integration] [onPool-worker-3] c.u.p.m.m.s.AlgorithmRuntimeManager      : Algorithm process exited: runId=1790075904910 pid=30916 exitCode=0
2026-09-22T19:18:51.617+08:00  INFO 26568 --- [uav-usv-p0-integration] [.1-18081-exec-3] c.u.p.m.m.s.AlgorithmRuntimeManager      : Algorithm prepare entered: runId=1790075931593 algorithmCode=ESCORT_GUARD runnerPath=C:\Users\hp-pc\Desktop\Project4\p0-acceptance-3e37759\algorithm-service\runner.py pythonCommand=D:/soteware/anaconda/python.exe
2026-09-22T19:18:51.619+08:00  WARN 26568 --- [uav-usv-p0-integration] [.1-18081-exec-3] c.u.p.m.m.s.AlgorithmRuntimeManager      : Algorithm handle removed: runId=1790075904910 pid=30916 reason=replaced by standalone simulation 1790075931593 state=PREPARED error=null stderrTail=
2026-09-22T19:18:51.701+08:00  INFO 26568 --- [uav-usv-p0-integration] [.1-18081-exec-3] c.u.p.m.m.s.AlgorithmRuntimeManager      : Algorithm Python executable: runId=1790075931593 executable=D:\soteware\anaconda\python.exe
2026-09-22T19:18:51.703+08:00  INFO 26568 --- [uav-usv-p0-integration] [.1-18081-exec-3] c.u.p.m.m.s.AlgorithmRuntimeManager      : Algorithm process started: runId=1790075931593 algorithmCode=ESCORT_GUARD pid=20408
2026-09-22T19:18:51.705+08:00  INFO 26568 --- [uav-usv-p0-integration] [.1-18081-exec-3] c.u.p.m.m.s.AlgorithmRuntimeManager      : Algorithm handle stored: runId=1790075931593 pid=20408 handlesSize=1
2026-09-22T19:18:51.791+08:00  INFO 26568 --- [uav-usv-p0-integration] [n-1790075931593] c.u.p.m.m.s.AlgorithmRuntimeManager      : Algorithm Python version: runId=1790075931593 executable=D:\soteware\anaconda\python.exe version=Python 3.9.13
2026-09-22T19:18:52.840+08:00  INFO 26568 --- [uav-usv-p0-integration] [t-1790075931593] c.u.p.m.m.s.AlgorithmRuntimeManager      : Algorithm first frame received: runId=1790075931593 pid=20408 sequence=1
2026-09-22T19:19:06.962+08:00  INFO 26568 --- [uav-usv-p0-integration] [onPool-worker-3] c.u.p.m.m.s.AlgorithmRuntimeManager      : Algorithm process exited: runId=1790075931593 pid=20408 exitCode=0
2026-09-22T19:19:22.442+08:00  INFO 26568 --- [uav-usv-p0-integration] [.1-18081-exec-6] c.u.p.m.m.s.AlgorithmRuntimeManager      : Algorithm prepare entered: runId=1790075962418 algorithmCode=ESCORT_GUARD runnerPath=C:\Users\hp-pc\Desktop\Project4\p0-acceptance-3e37759\algorithm-service\runner.py pythonCommand=D:/soteware/anaconda/python.exe
2026-09-22T19:19:22.455+08:00  WARN 26568 --- [uav-usv-p0-integration] [.1-18081-exec-6] c.u.p.m.m.s.AlgorithmRuntimeManager      : Algorithm handle removed: runId=1790075931593 pid=20408 reason=replaced by standalone simulation 1790075962418 state=PREPARED error=null stderrTail=
2026-09-22T19:19:22.539+08:00  INFO 26568 --- [uav-usv-p0-integration] [.1-18081-exec-6] c.u.p.m.m.s.AlgorithmRuntimeManager      : Algorithm Python executable: runId=1790075962418 executable=D:\soteware\anaconda\python.exe
2026-09-22T19:19:22.541+08:00  INFO 26568 --- [uav-usv-p0-integration] [.1-18081-exec-6] c.u.p.m.m.s.AlgorithmRuntimeManager      : Algorithm process started: runId=1790075962418 algorithmCode=ESCORT_GUARD pid=27156
2026-09-22T19:19:22.541+08:00  INFO 26568 --- [uav-usv-p0-integration] [.1-18081-exec-6] c.u.p.m.m.s.AlgorithmRuntimeManager      : Algorithm handle stored: runId=1790075962418 pid=27156 handlesSize=1
2026-09-22T19:19:22.634+08:00  INFO 26568 --- [uav-usv-p0-integration] [n-1790075962418] c.u.p.m.m.s.AlgorithmRuntimeManager      : Algorithm Python version: runId=1790075962418 executable=D:\soteware\anaconda\python.exe version=Python 3.9.13
2026-09-22T19:19:23.577+08:00  INFO 26568 --- [uav-usv-p0-integration] [t-1790075962418] c.u.p.m.m.s.AlgorithmRuntimeManager      : Algorithm first frame received: runId=1790075962418 pid=27156 sequence=1
2026-09-22T19:19:34.484+08:00  INFO 26568 --- [uav-usv-p0-integration] [onPool-worker-3] c.u.p.m.m.s.AlgorithmRuntimeManager      : Algorithm process exited: runId=1790075962418 pid=27156 exitCode=0
